2024-06-15 12:34:56 INFO User logged in from 192.168.1.1
2024-06-15 12:35:00 ERROR Failed login attempt from 192.168.1.2
2024-06-15 12:35:05 INFO User logged out from 192.168.1.1
2024-06-15 12:35:10 WARNING Suspicious activity from 192.168.1.3
2024-06-15 12:35:15 INFO User login from 192.168.1.4
2024-06-15 12:35:20 WARNING Potential breach from 192.168.1.5
2024-06-15 12:35:25 ERROR System error at 192.168.1.6
2024-06-15 12:35:30 WARNING Unauthorized access from 192.168.1.7
2024-06-15 12:35:35 INFO User logged in from 192.168.1.8
2024-06-15 12:35:40 WARNING Malware detected from 192.168.1.9
2024-06-15 12:35:45 INFO User logout from 192.168.1.4
